00: 7E      READ  IN
01: AC      WRITE $M
02: 2C      READ  $M
03: 80      WRITE ALU_A
04: 12 01   READ  IMM, 1
06: 81      WRITE ALU_B
07: 04      READ  ALU_SUB
08: 80      WRITE ALU_A           ; ALU_A = 左 - 右
09: 12 35   READ  IMM, L300
0B: 91      WRITE JZ              ; おなじなら ジャンプ
0C: 2C      READ  $M
0D: 80      WRITE ALU_A
0E: 12 02   READ  IMM, 2
10: 81      WRITE ALU_B
11: 04      READ  ALU_SUB
12: 80      WRITE ALU_A           ; ALU_A = 左 - 右
13: 12 54   READ  IMM, L400
15: 91      WRITE JZ              ; おなじなら ジャンプ
16: 2C      READ  $M
17: 80      WRITE ALU_A
18: 12 03   READ  IMM, 3
1A: 81      WRITE ALU_B
1B: 04      READ  ALU_SUB
1C: 80      WRITE ALU_A           ; ALU_A = 左 - 右
1D: 12 72   READ  IMM, L500
1F: 91      WRITE JZ              ; おなじなら ジャンプ
20: 12 01   READ  IMM, 1
22: AB      WRITE $L
23: 12 29   READ  IMM, _R1
25: BF      WRITE $5              ; もどる場所をおぼえる
26: 12 87   READ  IMM, L900
28: 90      WRITE JMP
29: 12 00   READ  IMM, 0
2B: AB      WRITE $L
2C: 12 32   READ  IMM, _R2
2E: BF      WRITE $5              ; もどる場所をおぼえる
2F: 12 87   READ  IMM, L900
31: 90      WRITE JMP
32: 12 00   READ  IMM, L100
34: 90      WRITE JMP
35: 12 01   READ  IMM, 1
37: AB      WRITE $L
38: 12 3E   READ  IMM, _R3
3A: BF      WRITE $5              ; もどる場所をおぼえる
3B: 12 87   READ  IMM, L900
3D: 90      WRITE JMP
3E: 2B      READ  $L
3F: 80      WRITE ALU_A
40: 2B      READ  $L
41: 81      WRITE ALU_B
42: 02      READ  ALU_ADD
43: AB      WRITE $L
44: 2B      READ  $L
45: 80      WRITE ALU_A
46: 12 40   READ  IMM, 64
48: 81      WRITE ALU_B
49: 04      READ  ALU_SUB
4A: 80      WRITE ALU_A           ; ALU_A = 左 - 右
4B: 12 51   READ  IMM, _S4
4D: 91      WRITE JZ              ; おなじなら とばす
4E: 12 38   READ  IMM, L320
50: 90      WRITE JMP             ; ちがうから ジャンプ
51: 12 00   READ  IMM, L100
53: 90      WRITE JMP
54: 12 21   READ  IMM, 33
56: AB      WRITE $L
57: 12 5D   READ  IMM, _R5
59: BF      WRITE $5              ; もどる場所をおぼえる
5A: 12 87   READ  IMM, L900
5C: 90      WRITE JMP
5D: 12 12   READ  IMM, 18
5F: AB      WRITE $L
60: 12 66   READ  IMM, _R6
62: BF      WRITE $5              ; もどる場所をおぼえる
63: 12 87   READ  IMM, L900
65: 90      WRITE JMP
66: 12 0C   READ  IMM, 12
68: AB      WRITE $L
69: 12 6F   READ  IMM, _R7
6B: BF      WRITE $5              ; もどる場所をおぼえる
6C: 12 87   READ  IMM, L900
6E: 90      WRITE JMP
6F: 12 00   READ  IMM, L100
71: 90      WRITE JMP
72: 12 2A   READ  IMM, 42
74: AB      WRITE $L
75: 12 7B   READ  IMM, _R8
77: BF      WRITE $5              ; もどる場所をおぼえる
78: 12 87   READ  IMM, L900
7A: 90      WRITE JMP
7B: 12 15   READ  IMM, 21
7D: AB      WRITE $L
7E: 12 84   READ  IMM, _R9
80: BF      WRITE $5              ; もどる場所をおぼえる
81: 12 87   READ  IMM, L900
83: 90      WRITE JMP
84: 12 00   READ  IMM, L100
86: 90      WRITE JMP
87: 2B      READ  $L
88: FF      WRITE OUT
89: 12 32   READ  IMM, 50
8B: BE      WRITE $4
8C: 3E      READ  $4
8D: 80      WRITE ALU_A
8E: 12 99   READ  IMM, _E11
90: 91      WRITE JZ              ; 0 なら待ちおわり
91: 12 01   READ  IMM, 1
93: 81      WRITE ALU_B
94: 04      READ  ALU_SUB
95: BE      WRITE $4
96: 12 8C   READ  IMM, _W10
98: 90      WRITE JMP
99: 7E      READ  IN
9A: 80      WRITE ALU_A
9B: 2C      READ  $M
9C: 81      WRITE ALU_B
9D: 04      READ  ALU_SUB
9E: 80      WRITE ALU_A           ; ALU_A = 左 - 右
9F: 12 A5   READ  IMM, _S12
A1: 91      WRITE JZ              ; おなじなら とばす
A2: 12 00   READ  IMM, L100
A4: 90      WRITE JMP             ; ちがうから ジャンプ
A5: 3F      READ  $5
A6: 90      WRITE JMP             ; おぼえた場所へもどる
A7: 12 A7   READ  IMM, _END
A9: 90      WRITE JMP             ; おわり (ここで足ぶみ)
; size = 170 bytes
